functions.c:21:5:PID_control	32	static
functions.c:52:6:kontrola_grejac	16	static
functions.c:64:10:DHT12_ocitavanje	24	static
functions.c:96:6:getTimeDate_DS3231	40	static
functions.c:114:6:setTime_DS3231	40	static
functions.c:129:9:dectohex	16	static
functions.c:136:5:hextodec	16	static
functions.c:143:5:find_I2C_deviceAddress	16	static
functions.c:159:6:lcd_send_cmd	32	static
functions.c:174:6:lcd_send_data	32	static
functions.c:189:6:lcd_clear	8	static
functions.c:202:6:lcd_put_cur	16	static
functions.c:219:6:lcd_init	8	static
functions.c:247:6:lcd_send_string	16	static
functions.c:252:6:setpointChange	4	static
functions.c:260:6:stepperMotorControlFD	24	static
