functions.c:22:5:PID_control	32	static
functions.c:53:6:kontrola_grejac	16	static
functions.c:65:10:DHT12_ocitavanje	24	static
functions.c:97:6:getTimeDate_DS3231	40	static
functions.c:115:6:setTime_DS3231	40	static
functions.c:130:9:dectohex	16	static
functions.c:137:5:hextodec	16	static
functions.c:144:5:find_I2C_deviceAddress	16	static
functions.c:161:6:lcd_send_cmd	32	static
functions.c:176:6:lcd_send_data	32	static
functions.c:191:6:lcd_clear	8	static
functions.c:204:6:lcd_put_cur	16	static
functions.c:221:6:lcd_init	8	static
functions.c:249:6:lcd_send_string	16	static
functions.c:254:6:setpointChange	4	static
functions.c:262:6:stepperMotorControlFD	24	static
