functions.c:22:5:PID_control	32	static
functions.c:53:6:kontrola_grejac	16	static
functions.c:66:10:DHT12_ocitavanje	24	static
functions.c:98:6:getTimeDate_DS3231	40	static
functions.c:116:6:setTime_DS3231	40	static
functions.c:131:9:dectohex	16	static
functions.c:138:5:hextodec	16	static
functions.c:145:5:find_I2C_deviceAddress	16	static
functions.c:162:6:lcd_send_cmd	32	static
functions.c:177:6:lcd_send_data	32	static
functions.c:192:6:lcd_clear	8	static
functions.c:205:6:lcd_put_cur	16	static
functions.c:222:6:lcd_init	8	static
functions.c:250:6:lcd_send_string	16	static
functions.c:255:6:setpointChange	4	static
functions.c:263:6:stepperMotorControlFD	24	static
