functions.c:22:5:PID_control	32	static
functions.c:51:6:kontrola_grejac	16	static
functions.c:64:10:DHT12_ocitavanje	24	static
functions.c:96:6:getTimeDate_DS3231	40	static
functions.c:114:6:setTime_DS3231	40	static
functions.c:129:9:dectohex	16	static
functions.c:136:5:hextodec	16	static
functions.c:143:5:find_I2C_deviceAddress	16	static
functions.c:160:6:lcd_send_cmd	32	static
functions.c:175:6:lcd_send_data	32	static
functions.c:190:6:lcd_clear	8	static
functions.c:203:6:lcd_put_cur	16	static
functions.c:220:6:lcd_init	8	static
functions.c:248:6:lcd_send_string	16	static
functions.c:253:6:setpointChange	4	static
functions.c:261:6:stepperMotorControlFD	24	static
functions.c:309:6:show_time	24	static
functions.c:323:6:show_date	24	static
functions.c:337:6:show_tempAndHumidity	24	static
functions.c:362:6:show_lowHumWarning	24	static
functions.c:383:6:start_menu_1	24	static
functions.c:407:6:start_menu_2	24	static
functions.c:426:6:start_menu_3	24	static
functions.c:450:6:incub_menu_1	24	static
functions.c:475:6:incub_menu_3	32	static
functions.c:517:6:debouncingFunct	16	static
functions.c:550:6:switchHold	24	static
